Found 43 tests.
[PASS] arity_error.cup (compilation error)
[PASS] async.c (gen code)
[PASS] async.run (runtime)
[PASS] bad_define_error.cup (compilation error)
[PASS] consume_error.cup (compilation error)
[PASS] consume_rename.c (gen code)
[PASS] consume_rename.run (runtime)
[PASS] end_scope.c (gen code)
[PASS] end_scope.run (runtime)
[PASS] end_scope_2.cup (compilation error)
[PASS] fieldsof.c (gen code)
[PASS] fieldsof.run (runtime)
[PASS] find_refs_test.c (gen code)
[PASS] find_refs_test.run (runtime)
[PASS] forward.c (gen code)
[PASS] forward.run (runtime)
[PASS] import.c (gen code)
[PASS] import.run (runtime)
[PASS] init_struct.c (gen code)
[PASS] init_struct.run (runtime)
[PASS] lambda.c (gen code)
[PASS] lambda.run (runtime)
[PASS] map.c (gen code)
[PASS] map.run (runtime)
[PASS] map_2.c (gen code)
[PASS] map_2.run (runtime)
[PASS] map_3.c (gen code)
[PASS] map_3.run (runtime)
[PASS] map_4.c (gen code)
[PASS] map_4.run (runtime)
[PASS] match_block.c (gen code)
[PASS] match_block.run (runtime)
[PASS] match_block_constrained.c (gen code)
[PASS] match_block_constrained.run (runtime)
[PASS] match_int.c (gen code)
[PASS] match_int.run (runtime)
[PASS] match_longify.c (gen code)
[PASS] match_longify.run (runtime)
[PASS] match_named_identifier.c (gen code)
[PASS] match_named_identifier.run (runtime)
[PASS] method_test.c (gen code)
[PASS] method_test.run (runtime)
[PASS] method_test_defer.c (gen code)
[PASS] method_test_defer.run (runtime)
[PASS] mypkg.cup (compilation error)
[PASS] nested_macros.c (gen code)
[PASS] nested_macros.run (runtime)
[PASS] nested_macros_2.c (gen code)
[PASS] nested_macros_2.run (runtime)
[PASS] nested_macros_3.c (gen code)
[PASS] nested_macros_3.run (runtime)
[PASS] nested_macros_4.c (gen code)
[PASS] nested_macros_4.run (runtime)
[PASS] nested_macros_5.c (gen code)
[PASS] nested_macros_5.run (runtime)
[PASS] recursive_macros.c (gen code)
[PASS] recursive_macros.run (runtime)
[PASS] recursive_macros_2.c (gen code)
[PASS] recursive_macros_2.run (runtime)
[PASS] refptr.c (gen code)
[PASS] refptr.run (runtime)
[PASS] rest_test.c (gen code)
[PASS] rest_test.run (runtime)
[PASS] stress_test.c (gen code)
[PASS] stress_test.run (runtime)
[PASS] stringify.c (gen code)
[PASS] stringify.run (runtime)
[PASS] struct_access.c (gen code)
[PASS] struct_access.run (runtime)
[PASS] struct_access_2.c (gen code)
[PASS] struct_access_2.run (runtime)
[PASS] struct_access_3.c (gen code)
[PASS] struct_access_3.run (runtime)
[PASS] task.c (gen code)
[PASS] task.run (runtime)
[PASS] trap.c (gen code)
[PASS] trap.run (runtime)
[PASS] type_refs_test.c (gen code)
[PASS] type_refs_test.run (runtime)

Some tests failed.
